110
Index: 0 PosX: 85 PosY: 265
Index: 1 PosX: 85 PosY: 250
Index: 2 PosX: 85 PosY: 230
Index: 3 PosX: 85 PosY: 200
Index: 4 PosX: 110 PosY: 190
Index: 5 PosX: 125 PosY: 185
Index: 6 PosX: 140 PosY: 175
Index: 7 PosX: 140 PosY: 145
Index: 8 PosX: 140 PosY: 120
Index: 9 PosX: 140 PosY: 100
Index: 10 PosX: 120 PosY: 95
Index: 11 PosX: 100 PosY: 90
Index: 12 PosX: 75 PosY: 85
Index: 13 PosX: 40 PosY: 80
Index: 14 PosX: 40 PosY: 60
Index: 15 PosX: 40 PosY: 40
Index: 16 PosX: 40 PosY: 20
Index: 17 PosX: 40 PosY: 435
Index: 18 PosX: 40 PosY: 411
Index: 19 PosX: 40 PosY: 400
Index: 20 PosX: 40 PosY: 380
Index: 21 PosX: 40 PosY: 360
Index: 22 PosX: 40 PosY: 340
Index: 23 PosX: 40 PosY: 320
Index: 24 PosX: 40 PosY: 300
Index: 25 PosX: 40 PosY: 280
Index: 26 PosX: 40 PosY: 260
Index: 27 PosX: 40 PosY: 240
Index: 28 PosX: 40 PosY: 220
Index: 29 PosX: 40 PosY: 200
Index: 30 PosX: 40 PosY: 180
Index: 31 PosX: 40 PosY: 160
Index: 32 PosX: 40 PosY: 140
Index: 33 PosX: 40 PosY: 120
Index: 34 PosX: 40 PosY: 100
Index: 35 PosX: 60 PosY: 400
Index: 36 PosX: 75 PosY: 388
Index: 37 PosX: 95 PosY: 384
Index: 38 PosX: 110 PosY: 383
Index: 39 PosX: 125 PosY: 382
Index: 40 PosX: 140 PosY: 381
Index: 41 PosX: 155 PosY: 380
Index: 42 PosX: 170 PosY: 379
Index: 43 PosX: 185 PosY: 378
Index: 44 PosX: 200 PosY: 377
Index: 45 PosX: 200 PosY: 365
Index: 46 PosX: 200 PosY: 350
Index: 47 PosX: 200 PosY: 330
Index: 48 PosX: 200 PosY: 310
Index: 49 PosX: 200 PosY: 290
Index: 50 PosX: 200 PosY: 270
Index: 51 PosX: 200 PosY: 250
Index: 52 PosX: 200 PosY: 230
Index: 53 PosX: 200 PosY: 210
Index: 54 PosX: 200 PosY: 190
Index: 55 PosX: 200 PosY: 170
Index: 56 PosX: 200 PosY: 150
Index: 57 PosX: 200 PosY: 130
Index: 58 PosX: 200 PosY: 110
Index: 59 PosX: 200 PosY: 90
Index: 60 PosX: 200 PosY: 70
Index: 61 PosX: 200 PosY: 50
Index: 62 PosX: 200 PosY: 30
Index: 63 PosX: 200 PosY: 10
Index: 64 PosX: 200 PosY: 435
Index: 65 PosX: 200 PosY: 415
Index: 66 PosX: 200 PosY: 395
Index: 67 PosX: 220 PosY: 341
Index: 68 PosX: 237 PosY: 331
Index: 69 PosX: 250 PosY: 323
Index: 70 PosX: 250 PosY: 313
Index: 71 PosX: 250 PosY: 293
Index: 72 PosX: 250 PosY: 273
Index: 73 PosX: 250 PosY: 253
Index: 74 PosX: 250 PosY: 233
Index: 75 PosX: 250 PosY: 213
Index: 76 PosX: 250 PosY: 193
Index: 77 PosX: 250 PosY: 173
Index: 78 PosX: 250 PosY: 153
Index: 79 PosX: 250 PosY: 133
Index: 80 PosX: 250 PosY: 113
Index: 81 PosX: 250 PosY: 93
Index: 82 PosX: 250 PosY: 73
Index: 83 PosX: 250 PosY: 53
Index: 84 PosX: 250 PosY: 33
Index: 85 PosX: 250 PosY: 13
Index: 86 PosX: 250 PosY: 435
Index: 87 PosX: 250 PosY: 415
Index: 88 PosX: 250 PosY: 395
Index: 89 PosX: 250 PosY: 375
Index: 90 PosX: 250 PosY: 355
Index: 91 PosX: 250 PosY: 335
Index: 92 PosX: 237 PosY: 245
Index: 93 PosX: 216 PosY: 233
Index: 94 PosX: 237 PosY: 169
Index: 95 PosX: 220 PosY: 160
Index: 96 PosX: 385 PosY: 265
Index: 97 PosX: 385 PosY: 245
Index: 98 PosX: 385 PosY: 225
Index: 99 PosX: 385 PosY: 205
Index: 100 PosX: 365 PosY: 200
Index: 101 PosX: 345 PosY: 197
Index: 102 PosX: 325 PosY: 195
Index: 103 PosX: 305 PosY: 192
Index: 104 PosX: 285 PosY: 189
Index: 105 PosX: 265 PosY: 185
Index: 106 PosX: 220 PosY: 81
Index: 107 PosX: 240 PosY: 70
Index: 108 PosX: 160 PosY: 165
Index: 109 PosX: 180 PosY: 155
96
m_iFrom: 0 m_iTo: 1 m_dCost: 8.24621 m_iFlags: 0 ID: -1
m_iFrom: 1 m_iTo: 0 m_dCost: 8.24621 m_iFlags: 0 ID: -1
m_iFrom: 1 m_iTo: 2 m_dCost: 8.24621  m_iFlags: 0 ID: -1
m_iFrom: 2 m_iTo: 1 m_dCost: 8.24621  m_iFlags: 0 ID: -1
m_iFrom: 2 m_iTo: 3 m_dCost: 8.24621  m_iFlags: 0 ID: -1
m_iFrom: 3 m_iTo: 2 m_dCost: 8.24621  m_iFlags: 0 ID: -1
m_iFrom: 3 m_iTo: 4 m_dCost: 8.24621  m_iFlags: 0 ID: -1
m_iFrom: 4 m_iTo: 3 m_dCost: 8.24621  m_iFlags: 0 ID: -1
m_iFrom: 4 m_iTo: 5 m_dCost: 8.24621  m_iFlags: 0 ID: -1
m_iFrom: 5 m_iTo: 4 m_dCost: 8.24621  m_iFlags: 0 ID: -1
m_iFrom: 5 m_iTo: 6 m_dCost: 8.24621  m_iFlags: 0 ID: -1
m_iFrom: 6 m_iTo: 5 m_dCost: 8.24621  m_iFlags: 0 ID: -1
m_iFrom: 6 m_iTo: 7 m_dCost: 8.24621  m_iFlags: 0 ID: -1
m_iFrom: 6 m_iTo: 108 m_dCost: 8.24621  m_iFlags: 0 ID: -1
m_iFrom: 108 m_iTo: 6 m_dCost: 8.24621  m_iFlags: 0 ID: -1
m_iFrom: 108 m_iTo: 109 m_dCost: 8.24621  m_iFlags: 0 ID: -1
m_iFrom: 109 m_iTo: 108 m_dCost: 8.24621  m_iFlags: 0 ID: -1
m_iFrom: 109 m_iTo: 56 m_dCost: 8.24621  m_iFlags: 0 ID: -1
m_iFrom: 56 m_iTo: 109 m_dCost: 8.24621  m_iFlags: 0 ID: -1
m_iFrom: 7 m_iTo: 6 m_dCost: 8.24621  m_iFlags: 0 ID: -1
m_iFrom: 7 m_iTo: 8 m_dCost: 8.24621  m_iFlags: 0 ID: -1
m_iFrom: 7 m_iTo: 7 m_dCost: 8.24621 m_iFlags: 0 ID: -1
m_iFrom: 8 m_iTo: 9 m_dCost: 8.24621  m_iFlags: 0 ID: -1
m_iFrom: 9 m_iTo: 8 m_dCost: 8.24621  m_iFlags: 0 ID: -1
m_iFrom: 9 m_iTo: 10 m_dCost: 8.24621  m_iFlags: 0 ID: -1
m_iFrom: 10 m_iTo: 9 m_dCost: 8.24621 m_iFlags: 0 ID: -1
m_iFrom: 10 m_iTo: 11 m_dCost: 8.24621  m_iFlags: 0 ID: -1
m_iFrom: 11 m_iTo: 10 m_dCost: 8.24621  m_iFlags: 0 ID: -1
m_iFrom: 11 m_iTo: 12 m_dCost: 8.24621  m_iFlags: 0 ID: -1
m_iFrom: 12 m_iTo: 11 m_dCost: 8.24621  m_iFlags: 0 ID: -1
m_iFrom: 12 m_iTo: 13 m_dCost: 8.24621  m_iFlags: 0 ID: -1
m_iFrom: 13 m_iTo: 12 m_dCost: 8.24621  m_iFlags: 0 ID: -1
m_iFrom: 13 m_iTo: 14 m_dCost: 8.24621  m_iFlags: 0 ID: -1
m_iFrom: 14 m_iTo: 13 m_dCost: 8.24621  m_iFlags: 0 ID: -1
m_iFrom: 14 m_iTo: 15 m_dCost: 8.24621  m_iFlags: 0 ID: -1
m_iFrom: 15 m_iTo: 14 m_dCost: 8.24621  m_iFlags: 0 ID: -1
m_iFrom: 15 m_iTo: 16 m_dCost: 8.24621  m_iFlags: 0 ID: -1
m_iFrom: 16 m_iTo: 15 m_dCost: 8.24621  m_iFlags: 0 ID: -1
m_iFrom: 17 m_iTo: 18 m_dCost: 8.24621  m_iFlags: 0 ID: -1
m_iFrom: 18 m_iTo: 17 m_dCost: 8.24621  m_iFlags: 0 ID: -1
m_iFrom: 18 m_iTo: 19 m_dCost: 8.24621  m_iFlags: 0 ID: -1
m_iFrom: 19 m_iTo: 18 m_dCost: 8.24621  m_iFlags: 0 ID: -1
m_iFrom: 18 m_iTo: 35 m_dCost: 8.24621  m_iFlags: 0 ID: -1
m_iFrom: 35 m_iTo: 18 m_dCost: 8.24621  m_iFlags: 0 ID: -1
m_iFrom: 35 m_iTo: 36 m_dCost: 8.24621  m_iFlags: 0 ID: -1
m_iFrom: 36 m_iTo: 35 m_dCost: 8.24621  m_iFlags: 0 ID: -1
m_iFrom: 36 m_iTo: 37 m_dCost: 8.24621  m_iFlags: 0 ID: -1
m_iFrom: 37 m_iTo: 36 m_dCost: 8.24621  m_iFlags: 0 ID: -1
m_iFrom: 37 m_iTo: 38 m_dCost: 8.24621  m_iFlags: 0 ID: -1
m_iFrom: 38 m_iTo: 37 m_dCost: 8.24621  m_iFlags: 0 ID: -1
m_iFrom: 38 m_iTo: 39 m_dCost: 8.24621  m_iFlags: 0 ID: -1
m_iFrom: 39 m_iTo: 38 m_dCost: 8.24621  m_iFlags: 0 ID: -1
m_iFrom: 39 m_iTo: 40 m_dCost: 8.24621  m_iFlags: 0 ID: -1
m_iFrom: 40 m_iTo: 39 m_dCost: 8.24621  m_iFlags: 0 ID: -1
m_iFrom: 40 m_iTo: 41 m_dCost: 8.24621  m_iFlags: 0 ID: -1
m_iFrom: 41 m_iTo: 40 m_dCost: 8.24621  m_iFlags: 0 ID: -1
m_iFrom: 41 m_iTo: 42 m_dCost: 8.24621  m_iFlags: 0 ID: -1
m_iFrom: 42 m_iTo: 41 m_dCost: 8.24621  m_iFlags: 0 ID: -1
m_iFrom: 42 m_iTo: 43 m_dCost: 8.24621  m_iFlags: 0 ID: -1
m_iFrom: 43 m_iTo: 42 m_dCost: 8.24621  m_iFlags: 0 ID: -1
m_iFrom: 43 m_iTo: 44 m_dCost: 8.24621  m_iFlags: 0 ID: -1
m_iFrom: 44 m_iTo: 43 m_dCost: 8.24621  m_iFlags: 0 ID: -1
m_iFrom: 44 m_iTo: 45 m_dCost: 8.24621  m_iFlags: 0 ID: -1
m_iFrom: 45 m_iTo: 44 m_dCost: 8.24621  m_iFlags: 0 ID: -1
m_iFrom: 19 m_iTo: 20 m_dCost: 8.24621  m_iFlags: 0 ID: -1
m_iFrom: 20 m_iTo: 19 m_dCost: 8.24621  m_iFlags: 0 ID: -1
m_iFrom: 20 m_iTo: 21 m_dCost: 8.24621  m_iFlags: 0 ID: -1
m_iFrom: 21 m_iTo: 20 m_dCost: 8.24621  m_iFlags: 0 ID: -1
m_iFrom: 21 m_iTo: 22 m_dCost: 8.24621  m_iFlags: 0 ID: -1
m_iFrom: 22 m_iTo: 21 m_dCost: 8.24621  m_iFlags: 0 ID: -1
m_iFrom: 22 m_iTo: 23 m_dCost: 8.24621  m_iFlags: 0 ID: -1
m_iFrom: 23 m_iTo: 22 m_dCost: 8.24621  m_iFlags: 0 ID: -1
m_iFrom: 23 m_iTo: 24 m_dCost: 8.24621  m_iFlags: 0 ID: -1
m_iFrom: 24 m_iTo: 23 m_dCost: 8.24621  m_iFlags: 0 ID: -1
m_iFrom: 24 m_iTo: 25 m_dCost: 8.24621  m_iFlags: 0 ID: -1
m_iFrom: 25 m_iTo: 24 m_dCost: 8.24621  m_iFlags: 0 ID: -1
m_iFrom: 25 m_iTo: 26 m_dCost: 8.24621  m_iFlags: 0 ID: -1
m_iFrom: 26 m_iTo: 25 m_dCost: 8.24621  m_iFlags: 0 ID: -1
m_iFrom: 26 m_iTo: 27 m_dCost: 8.24621  m_iFlags: 0 ID: -1
m_iFrom: 27 m_iTo: 26 m_dCost: 8.24621  m_iFlags: 0 ID: -1
m_iFrom: 27 m_iTo: 28 m_dCost: 8.24621  m_iFlags: 0 ID: -1
m_iFrom: 28 m_iTo: 27 m_dCost: 8.24621  m_iFlags: 0 ID: -1
m_iFrom: 28 m_iTo: 29 m_dCost: 8.24621  m_iFlags: 0 ID: -1
m_iFrom: 29 m_iTo: 28 m_dCost: 8.24621  m_iFlags: 0 ID: -1
m_iFrom: 29 m_iTo: 30 m_dCost: 8.24621  m_iFlags: 0 ID: -1
m_iFrom: 30 m_iTo: 29 m_dCost: 8.24621  m_iFlags: 0 ID: -1
m_iFrom: 30 m_iTo: 31 m_dCost: 8.24621  m_iFlags: 0 ID: -1
m_iFrom: 31 m_iTo: 30 m_dCost: 8.24621  m_iFlags: 0 ID: -1
m_iFrom: 31 m_iTo: 32 m_dCost: 8.24621  m_iFlags: 0 ID: -1
m_iFrom: 32 m_iTo: 31 m_dCost: 8.24621  m_iFlags: 0 ID: -1
m_iFrom: 32 m_iTo: 33 m_dCost: 8.24621  m_iFlags: 0 ID: -1
m_iFrom: 33 m_iTo: 32 m_dCost: 8.24621  m_iFlags: 0 ID: -1
m_iFrom: 33 m_iTo: 34 m_dCost: 8.24621  m_iFlags: 0 ID: -1
m_iFrom: 34 m_iTo: 33 m_dCost: 8.24621  m_iFlags: 0 ID: -1
m_iFrom: 34 m_iTo: 13 m_dCost: 8.24621  m_iFlags: 0 ID: -1
m_iFrom: 13 m_iTo: 34 m_dCost: 8.24621  m_iFlags: 0 ID: -1